###############################################################################
#
# IAR ANSI C/C++ Compiler V7.40.3.8902/W32 for ARM        09/May/2016  19:05:03
# Copyright 1999-2015 IAR Systems AB.
#
#    Cpu mode     =  thumb
#    Endian       =  little
#    Source file  =  
#        C:\Users\Administrator\Desktop\Gold_Razor_A\project\Gold_Razor_A\app\Source\SteerDriver.c
#    Command line =  
#        C:\Users\Administrator\Desktop\Gold_Razor_A\project\Gold_Razor_A\app\Source\SteerDriver.c
#        -D LPLD_K60 -D USE_K60DZ10 -lCN
#        C:\Users\Administrator\Desktop\Gold_Razor_A\project\Gold_Razor_A\iar\FLASH\List\
#        -lB
#        C:\Users\Administrator\Desktop\Gold_Razor_A\project\Gold_Razor_A\iar\FLASH\List\
#        -o
#        C:\Users\Administrator\Desktop\Gold_Razor_A\project\Gold_Razor_A\iar\FLASH\Obj\
#        --no_cse --no_unroll --no_inline --no_code_motion --no_tbaa
#        --no_clustering --no_scheduling --debug --endian=little
#        --cpu=Cortex-M4 -e --fpu=None --dlib_config "D:\IAR EWARM\Program
#        Files (x86)\IAR Systems\Embedded Workbench
#        7.2\arm\INC\c\DLib_Config_Normal.h" -I
#        C:\Users\Administrator\Desktop\Gold_Razor_A\project\Gold_Razor_A\iar\..\app\
#        -I
#        C:\Users\Administrator\Desktop\Gold_Razor_A\project\Gold_Razor_A\iar\..\app\Source\
#        -I
#        C:\Users\Administrator\Desktop\Gold_Razor_A\project\Gold_Razor_A\iar\..\..\..\lib\CPU\
#        -I
#        C:\Users\Administrator\Desktop\Gold_Razor_A\project\Gold_Razor_A\iar\..\..\..\lib\common\
#        -I
#        C:\Users\Administrator\Desktop\Gold_Razor_A\project\Gold_Razor_A\iar\..\..\..\lib\LPLD\
#        -I
#        C:\Users\Administrator\Desktop\Gold_Razor_A\project\Gold_Razor_A\iar\..\..\..\lib\LPLD\HW\
#        -I
#        C:\Users\Administrator\Desktop\Gold_Razor_A\project\Gold_Razor_A\iar\..\..\..\lib\LPLD\DEV\
#        -I
#        C:\Users\Administrator\Desktop\Gold_Razor_A\project\Gold_Razor_A\iar\..\..\..\lib\LPLD\FUNC\
#        -I
#        C:\Users\Administrator\Desktop\Gold_Razor_A\project\Gold_Razor_A\iar\..\..\..\lib\uCOS-II\Ports\
#        -I
#        C:\Users\Administrator\Desktop\Gold_Razor_A\project\Gold_Razor_A\iar\..\..\..\lib\uCOS-II\Source\
#        -I
#        C:\Users\Administrator\Desktop\Gold_Razor_A\project\Gold_Razor_A\iar\..\..\..\lib\FatFs\
#        -I
#        C:\Users\Administrator\Desktop\Gold_Razor_A\project\Gold_Razor_A\iar\..\..\..\lib\FatFs\option\
#        -I
#        C:\Users\Administrator\Desktop\Gold_Razor_A\project\Gold_Razor_A\iar\..\..\..\lib\USB\common\
#        -I
#        C:\Users\Administrator\Desktop\Gold_Razor_A\project\Gold_Razor_A\iar\..\..\..\lib\USB\driver\
#        -I
#        C:\Users\Administrator\Desktop\Gold_Razor_A\project\Gold_Razor_A\iar\..\..\..\lib\USB\descriptor\
#        -I
#        C:\Users\Administrator\Desktop\Gold_Razor_A\project\Gold_Razor_A\iar\..\..\..\lib\USB\class\
#        -Ol -I "D:\IAR EWARM\Program Files (x86)\IAR Systems\Embedded
#        Workbench 7.2\arm\CMSIS\Include\" -D ARM_MATH_CM4
#    List file    =  
#        C:\Users\Administrator\Desktop\Gold_Razor_A\project\Gold_Razor_A\iar\FLASH\List\SteerDriver.lst
#    Object file  =  
#        C:\Users\Administrator\Desktop\Gold_Razor_A\project\Gold_Razor_A\iar\FLASH\Obj\SteerDriver.o
#
###############################################################################

C:\Users\Administrator\Desktop\Gold_Razor_A\project\Gold_Razor_A\app\Source\SteerDriver.c
      1          /* 
      2          *This file for steer driver
      3          *include initial and control
      4          */
      5          #include "SteerDriver.h"

   \                                 In section .text, align 2, keep-with-next
      6          void Steer_Init(void)
      7          {
   \                     Steer_Init: (+1)
   \   00000000   0xB500             PUSH     {LR}
   \   00000002   0xB08B             SUB      SP,SP,#+44
      8          
      9          	FTM_InitTypeDef steerInitStruct;
     10          
     11              steerInitStruct.FTM_Ftmx = FTM2;
   \   00000004   0x....             LDR.N    R0,??DataTable1  ;; 0x400b8000
   \   00000006   0x9003             STR      R0,[SP, #+12]
     12              steerInitStruct.FTM_Mode = FTM_MODE_PWM;
   \   00000008   0x2001             MOVS     R0,#+1
   \   0000000A   0xF88D 0x0010      STRB     R0,[SP, #+16]
     13              steerInitStruct.FTM_PwmFreq = 100;
   \   0000000E   0x2064             MOVS     R0,#+100
   \   00000010   0x9005             STR      R0,[SP, #+20]
     14              steerInitStruct.FTM_PwmDeadtimeCfg = DEADTIME_CH01;
   \   00000012   0x2010             MOVS     R0,#+16
   \   00000014   0x9006             STR      R0,[SP, #+24]
     15              steerInitStruct.FTM_PwmDeadtimeDiv = DEADTIME_DIV1;
   \   00000016   0x2000             MOVS     R0,#+0
   \   00000018   0xF88D 0x001C      STRB     R0,[SP, #+28]
     16              steerInitStruct.FTM_PwmDeadtimeVal = 0;
   \   0000001C   0x2000             MOVS     R0,#+0
   \   0000001E   0xF88D 0x001D      STRB     R0,[SP, #+29]
     17          
     18              LPLD_FTM_Init(steerInitStruct);
   \   00000022   0xA903             ADD      R1,SP,#+12
   \   00000024   0xB084             SUB      SP,SP,#+16
   \   00000026   0x4668             MOV      R0,SP
   \   00000028   0x221C             MOVS     R2,#+28
   \   0000002A   0x.... 0x....      BL       __aeabi_memcpy4
   \   0000002E   0xBC0F             POP      {R0-R3}
   \   00000030   0x.... 0x....      BL       LPLD_FTM_Init
     19          
     20              LPLD_FTM_PWM_Enable(FTM2, //使用FTM2
     21                                  FTM_Ch0, //使能Ch0通道
     22                                  STEER_MID_DUTY, //初始化角度0度  100HZ为1432  MAX=1570,Min=1250
     23                                  PTA10, //使用Ch0通道的PTD0引脚
     24                                  ALIGN_LEFT        //脉宽左对齐
     25                                  );
   \   00000034   0x2028             MOVS     R0,#+40
   \   00000036   0x9000             STR      R0,[SP, #+0]
   \   00000038   0x230A             MOVS     R3,#+10
   \   0000003A   0xF240 0x528C      MOVW     R2,#+1420
   \   0000003E   0x2100             MOVS     R1,#+0
   \   00000040   0x....             LDR.N    R0,??DataTable1  ;; 0x400b8000
   \   00000042   0x.... 0x....      BL       LPLD_FTM_PWM_Enable
     26          }
   \   00000046   0xB00B             ADD      SP,SP,#+44
   \   00000048   0xBD00             POP      {PC}             ;; return
     27          

   \                                 In section .text, align 2, keep-with-next
     28          void Steer_Duty_Change(uint32 tagetDuty)
     29          {
   \                     Steer_Duty_Change: (+1)
   \   00000000   0xB580             PUSH     {R7,LR}
     30          	if(tagetDuty < STEER_LEFT_DUTY)
   \   00000002   0xF5B0 0x6F99      CMP      R0,#+1224
   \   00000006   0xD802             BHI.N    ??Steer_Duty_Change_0
     31              {
     32                  tagetDuty = STEER_LEFT_DUTY;
   \   00000008   0xF240 0x40C9      MOVW     R0,#+1225
   \   0000000C   0xE004             B.N      ??Steer_Duty_Change_1
     33              }
     34              else if(tagetDuty > STEER_RIGHT_DUTY)
   \                     ??Steer_Duty_Change_0: (+1)
   \   0000000E   0xF5B0 0x6FC3      CMP      R0,#+1560
   \   00000012   0xD901             BLS.N    ??Steer_Duty_Change_1
     35              {
     36                  tagetDuty = STEER_RIGHT_DUTY;
   \   00000014   0xF44F 0x60C3      MOV      R0,#+1560
     37              }
     38              LPLD_FTM_PWM_ChangeDuty(FTM2, FTM_Ch0, tagetDuty);
   \                     ??Steer_Duty_Change_1: (+1)
   \   00000018   0x0002             MOVS     R2,R0
   \   0000001A   0x2100             MOVS     R1,#+0
   \   0000001C   0x....             LDR.N    R0,??DataTable1  ;; 0x400b8000
   \   0000001E   0x.... 0x....      BL       LPLD_FTM_PWM_ChangeDuty
     39          }
   \   00000022   0xBD01             POP      {R0,PC}          ;; return

   \                                 In section .text, align 4, keep-with-next
   \                     ??DataTable1:
   \   00000000   0x400B8000         DC32     0x400b8000

   Maximum stack usage in bytes:

   .cstack Function
   ------- --------
       8   Steer_Duty_Change
         8   -> LPLD_FTM_PWM_ChangeDuty
      64   Steer_Init
        48   -> LPLD_FTM_Init
        48   -> LPLD_FTM_PWM_Enable
        64   -> __aeabi_memcpy4


   Section sizes:

   Bytes  Function/Label
   -----  --------------
       4  ??DataTable1
      36  Steer_Duty_Change
      74  Steer_Init

 
 114 bytes in section .text
 
 114 bytes of CODE memory

Errors: none
Warnings: none
